aaa
bbb
cccc
dddd
